........+.........+.+......+++++++++++++++++++++++++++++++++++++++++++++++++++++++++++++++++*....+.......+...+.....+....+..+.+.........+......+........+.+...+..+......+...+....+++++++++++++++++++++++++++++++++++++++++++++++++++++++++++++++++*........+.+.....+.........+.+..+..........+..+............................+........+...+......................+..+.............+..+.+..+...+.+...+..+.....................+.......+.....+.+......+...........+...+.+..................+..+.+..+.....................+....+...+..+............+.+........+....+.....+..........+............+...+...+...+.....+.........+.+.....+..........+......+......+.....+...+.......+.....+..................................+++++++++++++++++++++++++++++++++++++++++++++++++++++++++++++++++
.+++++++++++++++++++++++++++++++++++++++++++++++++++++++++++++++++*...+.....................+.+.....+.+..+.............+.....+...+.+...........+.........+....+...........+...+.+..+....+.....+....+..+.......+.....................+.....+.+.....+.+..+...+....+.....+.+..+......+....+........+...+++++++++++++++++++++++++++++++++++++++++++++++++++++++++++++++++*....+......+......+..+.+...........+....+.....+......+.........+.+......+.....+....+.........+.....+.........+..........+++++++++++++++++++++++++++++++++++++++++++++++++++++++++++++++++
-----
.........+........+.............+..+...+.........+.+............+...+............+..+...+......+.......+.....+....+.....+....+++++++++++++++++++++++++++++++++++++++++++++++++++++++++++++++++*..+.......+...+.....+.+.....+.+..+...+...+......................+.....+............+...+++++++++++++++++++++++++++++++++++++++++++++++++++++++++++++++++*........+......+....+.....+...............+.............+.....+.......+...+......+..+.......+......+...........+.+...+............+...+..+.......+..+.+.........+....................+..........+........+..........+......+..+.........+.+++++++++++++++++++++++++++++++++++++++++++++++++++++++++++++++++
.............+......+.+.....+....+.........+..+.+..+..........+++++++++++++++++++++++++++++++++++++++++++++++++++++++++++++++++*.....+..............+......+++++++++++++++++++++++++++++++++++++++++++++++++++++++++++++++++*..+...+............+......+.....+................+........+.+...........+...+..........+...+..+......+....+...........+....+........+....+........................+...............+...........+....+.................+.........+.+............+.................+................+..+.............+........+.......+.....+.......+..+..........+...+..+...............+.+..+..........+.....+......+............+++++++++++++++++++++++++++++++++++++++++++++++++++++++++++++++++
-----
rm: cannot remove 'Player-Data/*.0': No such file or directory
Doing Player-Data
link P0.pem -> 690ad341.0
link P0.pem -> 16036ff6.0
link P1.pem -> 0c19e31f.0
link P1.pem -> 98ab66c2.0
link P2.pem -> 786af600.0
link P2.pem -> 722e178a.0
MP-SPDZ ready at /home/ubuntu/MP-SPDZ
warn: It looks like you have an existing rustup settings file at:
warn: /home/ubuntu/.rustup/settings.toml
warn: Rustup will install the default toolchain as specified in the settings file,
warn: instead of the one inferred from the default host triple.

  stable-aarch64-unknown-linux-gnu installed - rustc 1.98.0 (88d9e12ae 2026-08-18)


Rust is installed now. Great!

To get started you may need to restart your current shell.
This would reload your PATH environment variable to include
Cargo's bin directory ($HOME/.cargo/bin).

To configure your current shell, you need to source
the corresponding env file under $HOME/.cargo.

This is usually done by running one of the following (note the leading DOT):
. "$HOME/.cargo/env"            # For sh/bash/zsh/ash/dash/pdksh
source "$HOME/.cargo/env.fish"  # For fish
source "~/.cargo/env.nu"  # For nushell
source "$HOME/.cargo/env.tcsh"  # For tcsh
. "$HOME/.cargo/env.ps1"        # For pwsh
source "$HOME/.cargo/env.xsh"   # For xonsh
=== member 0 ready on :9001 ===
